// Jest Snapshot v1, https://goo.gl/fbAQLP

exports[`App component matches early snapshots 1`] = `
<Fragment>
  <Switch>
    <Route
      component={[Function]}
      exact={true}
      path="/"
      to="/"
    />
    <Route
      component={[Function]}
      path="/login/"
    />
    <Route
      component={[Function]}
      path="/registration/"
    />
    <Redirect
      from="*"
      push={false}
      to="/"
    />
  </Switch>
</Fragment>
`;
