// Jest Snapshot v1, https://goo.gl/fbAQLP

exports[`ProductForm component matches early snapshots 1`] = `
<FormExampleForm
  handleChange={[Function]}
  productForm={
    Object {
      "onSubmit": [Function],
      "productName": "",
    }
  }
/>
`;
